{
  "text": "+ Added\n+ remote-new\n- Removed\n- remote-old\n+ calls A → C\n+ calls A → D\n+ calls A → remote-new\n+ imports Added → E\n+ calls C → B\n- calls A → remote-old\n- imports D → E\n- calls Removed → E\n",
  "json": "{\"added\":[{\"kind\":\"function\",\"symbol\":\"Added\"},{\"kind\":\"function\",\"symbol\":\"remote-new\"}],\"query\":\"diff\",\"relationships_added\":[{\"kind\":\"calls\",\"source\":\"A\",\"target\":\"C\"},{\"kind\":\"calls\",\"source\":\"A\",\"target\":\"D\"},{\"kind\":\"calls\",\"source\":\"A\",\"target\":\"remote-new\"},{\"kind\":\"imports\",\"source\":\"Added\",\"target\":\"E\"},{\"kind\":\"calls\",\"source\":\"C\",\"target\":\"B\"}],\"relationships_removed\":[{\"kind\":\"calls\",\"source\":\"A\",\"target\":\"remote-old\"},{\"kind\":\"imports\",\"source\":\"D\",\"target\":\"E\"},{\"kind\":\"calls\",\"source\":\"Removed\",\"target\":\"E\"}],\"relocated\":[],\"removed\":[{\"kind\":\"function\",\"symbol\":\"Removed\"},{\"kind\":\"function\",\"symbol\":\"remote-old\"}]}\n"
}
